// Jest Snapshot v1, https://goo.gl/fbAQLP

exports[`Keyboard base 1`] = `
<div
  class="default-keyboard"
>
  <a
    class="btnWrap"
    href="javascript:;"
  >
    <span
      class="btn"
    >
       1
    </span>
  </a>
  <a
    class="btnWrap"
    href="javascript:;"
  >
    <span
      class="btn"
    >
       2
    </span>
  </a>
  <a
    class="btnWrap"
    href="javascript:;"
  >
    <span
      class="btn"
    >
       3
    </span>
  </a>
  <a
    class="btnWrap"
    href="javascript:;"
  >
    <span
      class="btn"
    >
       4
    </span>
  </a>
  <a
    class="btnWrap"
    href="javascript:;"
  >
    <span
      class="btn"
    >
       5
    </span>
  </a>
  <a
    class="btnWrap"
    href="javascript:;"
  >
    <span
      class="btn"
    >
       6
    </span>
  </a>
  <a
    class="btnWrap"
    href="javascript:;"
  >
    <span
      class="btn"
    >
       7
    </span>
  </a>
  <a
    class="btnWrap"
    href="javascript:;"
  >
    <span
      class="btn"
    >
       8
    </span>
  </a>
  <a
    class="btnWrap"
    href="javascript:;"
  >
    <span
      class="btn"
    >
       9
    </span>
  </a>
  <a
    class="btnWrap"
    href="javascript:;"
  >
    <span
      class="btn"
    >
       00
    </span>
  </a>
  <a
    class="btnWrap"
    href="javascript:;"
  >
    <span
      class="btn"
    >
       0
    </span>
  </a>
  <a
    class="btnWrap"
    href="javascript:;"
  >
    <span
      class="btn"
    >
       
      <span
        class="iconfont icon-jisuanqishanchu"
      />
    </span>
  </a>
</div>
`;

exports[`Keyboard value-x 1`] = `
<div
  class="default-keyboard"
>
  <a
    class="btnWrap"
    href="javascript:;"
  >
    <span
      class="btn"
    >
       1
    </span>
  </a>
  <a
    class="btnWrap"
    href="javascript:;"
  >
    <span
      class="btn"
    >
       2
    </span>
  </a>
  <a
    class="btnWrap"
    href="javascript:;"
  >
    <span
      class="btn"
    >
       3
    </span>
  </a>
  <a
    class="btnWrap"
    href="javascript:;"
  >
    <span
      class="btn"
    >
       4
    </span>
  </a>
  <a
    class="btnWrap"
    href="javascript:;"
  >
    <span
      class="btn"
    >
       5
    </span>
  </a>
  <a
    class="btnWrap"
    href="javascript:;"
  >
    <span
      class="btn"
    >
       6
    </span>
  </a>
  <a
    class="btnWrap"
    href="javascript:;"
  >
    <span
      class="btn"
    >
       7
    </span>
  </a>
  <a
    class="btnWrap"
    href="javascript:;"
  >
    <span
      class="btn"
    >
       8
    </span>
  </a>
  <a
    class="btnWrap"
    href="javascript:;"
  >
    <span
      class="btn"
    >
       9
    </span>
  </a>
  <a
    class="btnWrap"
    href="javascript:;"
  >
    <span
      class="btn"
    >
       00
    </span>
  </a>
  <a
    class="btnWrap"
    href="javascript:;"
  >
    <span
      class="btn"
    >
       0
    </span>
  </a>
  <a
    class="btnWrap"
    href="javascript:;"
  >
    <span
      class="btn"
    >
       
      <span
        class="iconfont icon-jisuanqishanchu"
      />
    </span>
  </a>
</div>
`;
