// Jest Snapshot v1, https://goo.gl/fbAQLP

exports[`测试 horseRaceDetailFinishLabel FinishLabel 1`] = `
<div
  class="finish-label"
>
  <div
    class="left"
  >
    <span
      class="finish-ranking"
    >
      werr
    </span>
    <img
      alt=""
      class="finish-horse-img"
      src="werwer"
    />
    <div
      class="finish-horse-num"
    />
    <div
      class="finish-horse-name"
    />
  </div>
  <span
    class="center"
  >
    1
  </span>
  <div
    class="right"
  >
    <span>
      5.6 
    </span>
    <span>
      wer
    </span>
    <span
      class="noEntry"
    >
      werwe 
    </span>
  </div>
</div>
`;

exports[`测试 horseRaceDetailFinishLabel NoRunners 1`] = `
<div
  class="default-no-runners"
>
  <span
    class="noRunText"
  />
  <span
    class="noRunner"
  />
</div>
`;

exports[`测试 horseRaceDetailFinishLabel Ranking 1`] = `
<span
  class="default-ranking"
>
  1st
</span>
`;
